// Jest Snapshot v1, https://goo.gl/fbAQLP

exports[`should render 1`] = `
<div
  bar={1337}
  brooklyn="stringval"
  buffalo={
    Array [
      1337,
      1337,
      1337,
      1337,
      1337,
    ]
  }
  cali={
    Object {
      "one": <span
        className="element"
    >
        anyValue
    </span>,
      "two": <span
        className="element"
    >
        anyValue
    </span>,
    }
  }
  denver="foo"
  foo="stringval"
  idaho="todolo"
  michigan={
    Object {
      "bar": 1337,
      "brooklyn": "stringval",
      "denver": "foo",
      "foo": "stringval",
    }
  }
  sanfran={
    <span
      className="node"
    >
      anyValue
    </span>
  }
>
  <span
    bar={1337}
    brooklyn="stringval"
    buffalo={
      Array [
        1337,
        1337,
        1337,
        1337,
        1337,
      ]
    }
    cali={
      Object {
        "one": <span
          className="element"
      >
          anyValue
      </span>,
        "two": <span
          className="element"
      >
          anyValue
      </span>,
      }
    }
    denver="foo"
    foo="stringval"
    idaho="todolo"
    michigan={
      Object {
        "bar": 1337,
        "brooklyn": "stringval",
        "denver": "foo",
        "foo": "stringval",
      }
    }
    sanfran={
      <span
        className="node"
      >
        anyValue
      </span>
    }
  />
</div>
`;
